avgPriceAllP.csv
region,regionGSSCode,period,Sales volume,reportingPeriod,avgPrice,date
West Midlands Region,E12000005,2000-01,6080,monthly,63833,01/01/2000
West Midlands Region,E12000005,2000-02,6650,monthly,64137,01/02/2000
West Midlands Region,E12000005,2000-03,8887,monthly,64648,01/03/2000
West Midlands Region,E12000005,2000-04,8051,monthly,66676,01/04/2000
West Midlands Region,E12000005,2000-05,8506,monthly,67270,01/05/2000
West Midlands Region,E12000005,2000-06,10020,monthly,68165,01/06/2000
West Midlands Region,E12000005,2000-07,9127,monthly,68916,01/07/2000
West Midlands Region,E12000005,2000-08,9019,monthly,69835,01/08/2000
West Midlands Region,E12000005,2000-09,8790,monthly,69754,01/09/2000
West Midlands Region,E12000005,2000-10,7744,monthly,69406,01/10/2000
West Midlands Region,E12000005,2000-11,7871,monthly,70594,01/11/2000
West Midlands Region,E12000005,2000-12,8656,monthly,71234,01/12/2000
West Midlands Region,E12000005,2001-01,5867,monthly,71065,01/01/2001
West Midlands Region,E12000005,2001-02,6124,monthly,71384,01/02/2001
West Midlands Region,E12000005,2001-03,8282,monthly,72689,01/03/2001
West Midlands Region,E12000005,2001-04,7752,monthly,74436,01/04/2001
West Midlands Region,E12000005,2001-05,9202,monthly,75471,01/05/2001
West Midlands Region,E12000005,2001-06,10469,monthly,76019,01/06/2001
West Midlands Region,E12000005,2001-07,10007,monthly,76463,01/07/2001
West Midlands Region,E12000005,2001-08,11534,monthly,78646,01/08/2001
West Midlands Region,E12000005,2001-09,8874,monthly,78671,01/09/2001
West Midlands Region,E12000005,2001-10,9858,monthly,78652,01/10/2001
West Midlands Region,E12000005,2001-11,10494,monthly,79834,01/11/2001
West Midlands Region,E12000005,2001-12,8973,monthly,80779,01/12/2001
West Midlands Region,E12000005,2002-01,6658,monthly,80653,01/01/2002
West Midlands Region,E12000005,2002-02,7379,monthly,80881,01/02/2002
West Midlands Region,E12000005,2002-03,9880,monthly,83416,01/03/2002
West Midlands Region,E12000005,2002-04,9200,monthly,85464,01/04/2002
West Midlands Region,E12000005,2002-05,12502,monthly,88015,01/05/2002
West Midlands Region,E12000005,2002-06,9611,monthly,90683,01/06/2002
West Midlands Region,E12000005,2002-07,11814,monthly,92437,01/07/2002
West Midlands Region,E12000005,2002-08,11753,monthly,95134,01/08/2002
West Midlands Region,E12000005,2002-09,9688,monthly,96813,01/09/2002
West Midlands Region,E12000005,2002-10,10090,monthly,98653,01/10/2002
West Midlands Region,E12000005,2002-11,10638,monthly,100767,01/11/2002
West Midlands Region,E12000005,2002-12,9745,monthly,102749,01/12/2002
West Midlands Region,E12000005,2003-01,7434,monthly,104468,01/01/2003
West Midlands Region,E12000005,2003-02,7275,monthly,104109,01/02/2003
West Midlands Region,E12000005,2003-03,7602,monthly,107284,01/03/2003
West Midlands Region,E12000005,2003-04,7781,monthly,108791,01/04/2003
West Midlands Region,E12000005,2003-05,8829,monthly,111250,01/05/2003
West Midlands Region,E12000005,2003-06,9142,monthly,111828,01/06/2003
West Midlands Region,E12000005,2003-07,9720,monthly,114213,01/07/2003
West Midlands Region,E12000005,2003-08,10411,monthly,117481,01/08/2003
West Midlands Region,E12000005,2003-09,9881,monthly,116867,01/09/2003
West Midlands Region,E12000005,2003-10,11359,monthly,118832,01/10/2003
West Midlands Region,E12000005,2003-11,10563,monthly,120803,01/11/2003
West Midlands Region,E12000005,2003-12,10875,monthly,123394,01/12/2003
West Midlands Region,E12000005,2004-01,7782,monthly,122858,01/01/2004
West Midlands Region,E12000005,2004-02,8319,monthly,124026,01/02/2004
West Midlands Region,E12000005,2004-03,9281,monthly,125958,01/03/2004
West Midlands Region,E12000005,2004-04,10496,monthly,129480,01/04/2004
West Midlands Region,E12000005,2004-05,9982,monthly,131961,01/05/2004
West Midlands Region,E12000005,2004-06,10830,monthly,136181,01/06/2004
West Midlands Region,E12000005,2004-07,12045,monthly,138858,01/07/2004
West Midlands Region,E12000005,2004-08,10316,monthly,140986,01/08/2004
West Midlands Region,E12000005,2004-09,8760,monthly,141105,01/09/2004
West Midlands Region,E12000005,2004-10,8606,monthly,142228,01/10/2004
West Midlands Region,E12000005,2004-11,7595,monthly,142444,01/11/2004
West Midlands Region,E12000005,2004-12,7816,monthly,142696,01/12/2004
West Midlands Region,E12000005,2005-01,4909,monthly,140028,01/01/2005
West Midlands Region,E12000005,2005-02,5427,monthly,141548,01/02/2005
West Midlands Region,E12000005,2005-03,6491,monthly,141930,01/03/2005
West Midlands Region,E12000005,2005-04,7712,monthly,143202,01/04/2005
West Midlands Region,E12000005,2005-05,7633,monthly,144167,01/05/2005
West Midlands Region,E12000005,2005-06,8951,monthly,146219,01/06/2005
West Midlands Region,E12000005,2005-07,9091,monthly,147649,01/07/2005
West Midlands Region,E12000005,2005-08,8833,monthly,148529,01/08/2005
West Midlands Region,E12000005,2005-09,8943,monthly,147680,01/09/2005
West Midlands Region,E12000005,2005-10,8230,monthly,147573,01/10/2005
West Midlands Region,E12000005,2005-11,8712,monthly,148518,01/11/2005
West Midlands Region,E12000005,2005-12,9778,monthly,148914,01/12/2005
West Midlands Region,E12000005,2006-01,6843,monthly,147576,01/01/2006
West Midlands Region,E12000005,2006-02,7057,monthly,148738,01/02/2006
West Midlands Region,E12000005,2006-03,9468,monthly,148994,01/03/2006
West Midlands Region,E12000005,2006-04,8468,monthly,150422,01/04/2006
West Midlands Region,E12000005,2006-05,9476,monthly,154180,01/05/2006
West Midlands Region,E12000005,2006-06,11271,monthly,153497,01/06/2006
West Midlands Region,E12000005,2006-07,9937,monthly,153551,01/07/2006
West Midlands Region,E12000005,2006-08,10642,monthly,155921,01/08/2006
West Midlands Region,E12000005,2006-09,10435,monthly,156665,01/09/2006
West Midlands Region,E12000005,2006-10,10289,monthly,156493,01/10/2006
West Midlands Region,E12000005,2006-11,10511,monthly,157410,01/11/2006
West Midlands Region,E12000005,2006-12,11472,monthly,158291,01/12/2006
West Midlands Region,E12000005,2007-01,7705,monthly,157384,01/01/2007
West Midlands Region,E12000005,2007-02,7614,monthly,157787,01/02/2007
West Midlands Region,E12000005,2007-03,9816,monthly,158644,01/03/2007
West Midlands Region,E12000005,2007-04,8414,monthly,161809,01/04/2007
West Midlands Region,E12000005,2007-05,9436,monthly,162202,01/05/2007
West Midlands Region,E12000005,2007-06,11228,monthly,162624,01/06/2007
West Midlands Region,E12000005,2007-07,10099,monthly,163918,01/07/2007
West Midlands Region,E12000005,2007-08,10693,monthly,165807,01/08/2007
West Midlands Region,E12000005,2007-09,8677,monthly,165011,01/09/2007
West Midlands Region,E12000005,2007-10,9137,monthly,165390,01/10/2007
West Midlands Region,E12000005,2007-11,9266,monthly,164201,01/11/2007
West Midlands Region,E12000005,2007-12,7362,monthly,165241,01/12/2007
West Midlands Region,E12000005,2008-01,5045,monthly,161758,01/01/2008
West Midlands Region,E12000005,2008-02,5630,monthly,162208,01/02/2008
West Midlands Region,E12000005,2008-03,5244,monthly,160432,01/03/2008
West Midlands Region,E12000005,2008-04,5761,monthly,159743,01/04/2008
West Midlands Region,E12000005,2008-05,5996,monthly,161333,01/05/2008
West Midlands Region,E12000005,2008-06,5611,monthly,159656,01/06/2008
West Midlands Region,E12000005,2008-07,4826,monthly,156057,01/07/2008
West Midlands Region,E12000005,2008-08,4395,monthly,153811,01/08/2008
West Midlands Region,E12000005,2008-09,3746,monthly,151810,01/09/2008
West Midlands Region,E12000005,2008-10,4101,monthly,148779,01/10/2008
West Midlands Region,E12000005,2008-11,3376,monthly,144774,01/11/2008
West Midlands Region,E12000005,2008-12,3472,monthly,141893,01/12/2008
West Midlands Region,E12000005,2009-01,2356,monthly,139999,01/01/2009
West Midlands Region,E12000005,2009-02,2566,monthly,138503,01/02/2009
West Midlands Region,E12000005,2009-03,3224,monthly,136966,01/03/2009
West Midlands Region,E12000005,2009-04,3376,monthly,137313,01/04/2009
West Midlands Region,E12000005,2009-05,3865,monthly,139243,01/05/2009
West Midlands Region,E12000005,2009-06,4470,monthly,139485,01/06/2009
West Midlands Region,E12000005,2009-07,5279,monthly,143597,01/07/2009
West Midlands Region,E12000005,2009-08,4887,monthly,144704,01/08/2009
West Midlands Region,E12000005,2009-09,4779,monthly,144956,01/09/2009
West Midlands Region,E12000005,2009-10,5648,monthly,146929,01/10/2009
West Midlands Region,E12000005,2009-11,5002,monthly,146230,01/11/2009
West Midlands Region,E12000005,2009-12,6360,monthly,148354,01/12/2009
West Midlands Region,E12000005,2010-01,2914,monthly,146424,01/01/2010
West Midlands Region,E12000005,2010-02,3423,monthly,147484,01/02/2010
West Midlands Region,E12000005,2010-03,4286,monthly,146692,01/03/2010
West Midlands Region,E12000005,2010-04,4417,monthly,149119,01/04/2010
West Midlands Region,E12000005,2010-05,4263,monthly,149465,01/05/2010
West Midlands Region,E12000005,2010-06,5134,monthly,150817,01/06/2010
West Midlands Region,E12000005,2010-07,5691,monthly,151124,01/07/2010
West Midlands Region,E12000005,2010-08,5194,monthly,150663,01/08/2010
West Midlands Region,E12000005,2010-09,4891,monthly,152089,01/09/2010
West Midlands Region,E12000005,2010-10,5118,monthly,149193,01/10/2010
West Midlands Region,E12000005,2010-11,4768,monthly,149168,01/11/2010
West Midlands Region,E12000005,2010-12,4973,monthly,148525,01/12/2010
West Midlands Region,E12000005,2011-01,3144,monthly,146490,01/01/2011
West Midlands Region,E12000005,2011-02,3347,monthly,144486,01/02/2011
West Midlands Region,E12000005,2011-03,4000,monthly,143209,01/03/2011
West Midlands Region,E12000005,2011-04,4289,monthly,145562,01/04/2011
West Midlands Region,E12000005,2011-05,4121,monthly,145692,01/05/2011
West Midlands Region,E12000005,2011-06,5046,monthly,145807,01/06/2011
West Midlands Region,E12000005,2011-07,5252,monthly,146184,01/07/2011
West Midlands Region,E12000005,2011-08,5272,monthly,146183,01/08/2011
West Midlands Region,E12000005,2011-09,5379,monthly,147655,01/09/2011
West Midlands Region,E12000005,2011-10,5050,monthly,144812,01/10/2011
West Midlands Region,E12000005,2011-11,5200,monthly,145825,01/11/2011
West Midlands Region,E12000005,2011-12,5634,monthly,143628,01/12/2011
West Midlands Region,E12000005,2012-01,3688,monthly,145071,01/01/2012
West Midlands Region,E12000005,2012-02,3769,monthly,143615,01/02/2012
West Midlands Region,E12000005,2012-03,5350,monthly,144779,01/03/2012
West Midlands Region,E12000005,2012-04,3737,monthly,144490,01/04/2012
West Midlands Region,E12000005,2012-05,4490,monthly,144126,01/05/2012
West Midlands Region,E12000005,2012-06,5205,monthly,147713,01/06/2012
West Midlands Region,E12000005,2012-07,4909,monthly,147399,01/07/2012
West Midlands Region,E12000005,2012-08,5469,monthly,147401,01/08/2012
West Midlands Region,E12000005,2012-09,4382,monthly,147227,01/09/2012
West Midlands Region,E12000005,2012-10,4927,monthly,145709,01/10/2012
West Midlands Region,E12000005,2012-11,5706,monthly,146988,01/11/2012
West Midlands Region,E12000005,2012-12,4820,monthly,147386,01/12/2012
West Midlands Region,E12000005,2013-01,3526,monthly,145005,01/01/2013
West Midlands Region,E12000005,2013-02,4023,monthly,145470,01/02/2013
West Midlands Region,E12000005,2013-03,4742,monthly,145983,01/03/2013
West Midlands Region,E12000005,2013-04,4243,monthly,146320,01/04/2013
West Midlands Region,E12000005,2013-05,5653,monthly,147312,01/05/2013
West Midlands Region,E12000005,2013-06,5778,monthly,149457,01/06/2013
West Midlands Region,E12000005,2013-07,6106,monthly,150343,01/07/2013
West Midlands Region,E12000005,2013-08,6634,monthly,151665,01/08/2013
West Midlands Region,E12000005,2013-09,5689,monthly,149816,01/09/2013
West Midlands Region,E12000005,2013-10,6806,monthly,151179,01/10/2013
West Midlands Region,E12000005,2013-11,7378,monthly,151495,01/11/2013
West Midlands Region,E12000005,2013-12,6957,monthly,152008,01/12/2013
West Midlands Region,E12000005,2014-01,5627,monthly,152152,01/01/2014
West Midlands Region,E12000005,2014-02,5806,monthly,151239,01/02/2014
West Midlands Region,E12000005,2014-03,6048,monthly,153209,01/03/2014
West Midlands Region,E12000005,2014-04,6131,monthly,155245,01/04/2014
West Midlands Region,E12000005,2014-05,7067,monthly,155724,01/05/2014
West Midlands Region,E12000005,2014-06,7314,monthly,157736,01/06/2014
West Midlands Region,E12000005,2014-07,7554,monthly,158073,01/07/2014
West Midlands Region,E12000005,2014-08,8005,monthly,160571,01/08/2014
West Midlands Region,E12000005,2014-09,7078,monthly,160011,01/09/2014
West Midlands Region,E12000005,2014-10,7854,monthly,159925,01/10/2014
West Midlands Region,E12000005,2014-11,6595,monthly,159782,01/11/2014
West Midlands Region,E12000005,2014-12,7028,monthly,160267,01/12/2014
West Midlands Region,E12000005,2015-01,4976,monthly,158683,01/01/2015
West Midlands Region,E12000005,2015-02,5487,monthly,160388,01/02/2015
West Midlands Region,E12000005,2015-03,6160,monthly,159293,01/03/2015
West Midlands Region,E12000005,2015-04,5602,monthly,161813,01/04/2015
West Midlands Region,E12000005,2015-05,7026,monthly,162631,01/05/2015
West Midlands Region,E12000005,2015-06,7460,monthly,164404,01/06/2015
West Midlands Region,E12000005,2015-07,8374,monthly,166016,01/07/2015
West Midlands Region,E12000005,2015-08,7532,monthly,167862,01/08/2015
West Midlands Region,E12000005,2015-09,7428,monthly,167590,01/09/2015
West Midlands Region,E12000005,2015-10,8479,monthly,167550,01/10/2015
West Midlands Region,E12000005,2015-11,7658,monthly,168871,01/11/2015
West Midlands Region,E12000005,2015-12,7671,monthly,169286,01/12/2015
West Midlands Region,E12000005,2016-01,5565,monthly,169747,01/01/2016
West Midlands Region,E12000005,2016-02,6160,monthly,168691,01/02/2016
West Midlands Region,E12000005,2016-03,11240,monthly,169300,01/03/2016
West Midlands Region,E12000005,2016-04,5303,monthly,172955,01/04/2016
West Midlands Region,E12000005,2016-05,6027,monthly,174741,01/05/2016
West Midlands Region,E12000005,2016-06,7231,monthly,176729,01/06/2016
West Midlands Region,E12000005,2016-07,7505,monthly,176943,01/07/2016
West Midlands Region,E12000005,2016-08,8011,monthly,178960,01/08/2016
West Midlands Region,E12000005,2016-09,7692,monthly,178837,01/09/2016
West Midlands Region,E12000005,2016-10,6992,monthly,177065,01/10/2016
West Midlands Region,E12000005,2016-11,7393,monthly,179248,01/11/2016
West Midlands Region,E12000005,2016-12,7930,monthly,179668,01/12/2016
West Midlands Region,E12000005,2017-01,5663,monthly,178494,01/01/2017
West Midlands Region,E12000005,2017-02,6037,monthly,179530,01/02/2017
West Midlands Region,E12000005,2017-03,7552,monthly,179542,01/03/2017
West Midlands Region,E12000005,2017-04,6032,monthly,181411,01/04/2017
West Midlands Region,E12000005,2017-05,6822,monthly,183199,01/05/2017
West Midlands Region,E12000005,2017-06,8395,monthly,185214,01/06/2017
West Midlands Region,E12000005,2017-07,7782,monthly,187219,01/07/2017
West Midlands Region,E12000005,2017-08,8216,monthly,189271,01/08/2017
West Midlands Region,E12000005,2017-09,7957,monthly,188232,01/09/2017
West Midlands Region,E12000005,2017-10,7788,monthly,188849,01/10/2017
West Midlands Region,E12000005,2017-11,7945,monthly,188640,01/11/2017
West Midlands Region,E12000005,2017-12,7730,monthly,190466,01/12/2017
West Midlands Region,E12000005,2018-01,5852,monthly,187845,01/01/2018
West Midlands Region,E12000005,2018-02,6132,monthly,190682,01/02/2018
West Midlands Region,E12000005,2018-03,7003,monthly,190077,01/03/2018
West Midlands Region,E12000005,2018-04,5844,monthly,191375,01/04/2018
West Midlands Region,E12000005,2018-05,6757,monthly,191299,01/05/2018
West Midlands Region,E12000005,2018-06,8141,monthly,193886,01/06/2018
West Midlands Region,E12000005,2018-07,7454,monthly,196297,01/07/2018
West Midlands Region,E12000005,2018-08,8295,monthly,196757,01/08/2018
West Midlands Region,E12000005,2018-09,7180,monthly,198120,01/09/2018
West Midlands Region,E12000005,2018-10,7895,monthly,197972,01/10/2018
West Midlands Region,E12000005,2018-11,8943,monthly,196446,01/11/2018
West Midlands Region,E12000005,2018-12,7365,monthly,198469,01/12/2018
West Midlands Region,E12000005,2019-01,5458,monthly,195498,01/01/2019
West Midlands Region,E12000005,2019-02,6023,monthly,197368,01/02/2019
West Midlands Region,E12000005,2019-03,6870,monthly,195058,01/03/2019
West Midlands Region,E12000005,2019-04,6227,monthly,195476,01/04/2019
West Midlands Region,E12000005,2019-05,6883,monthly,197002,01/05/2019
West Midlands Region,E12000005,2019-06,7130,monthly,196679,01/06/2019
West Midlands Region,E12000005,2019-07,7185,monthly,197675,01/07/2019
West Midlands Region,E12000005,2019-08,7863,monthly,200304,01/08/2019
West Midlands Region,E12000005,2019-09,6913,monthly,200466,01/09/2019
West Midlands Region,E12000005,2019-10,7749,monthly,199973,01/10/2019
West Midlands Region,E12000005,2019-11,7878,monthly,200095,01/11/2019
West Midlands Region,E12000005,2019-12,7270,monthly,198301,01/12/2019
West Midlands Region,E12000005,2020-01,5692,monthly,201060,01/01/2020
West Midlands Region,E12000005,2020-02,5674,monthly,198974,01/02/2020
West Midlands Region,E12000005,2020-03,5554,monthly,199637,01/03/2020
West Midlands Region,E12000005,2020-04,2290,monthly,195075,01/04/2020
West Midlands Region,E12000005,2020-05,3216,monthly,200156,01/05/2020
West Midlands Region,E12000005,2020-06,4649,monthly,201330,01/06/2020
West Midlands Region,E12000005,2020-07,5449,monthly,203527,01/07/2020
West Midlands Region,E12000005,2020-08,5471,monthly,205908,01/08/2020
West Midlands Region,E12000005,2020-09,5769,monthly,207291,01/09/2020
West Midlands Region,E12000005,2020-10,7473,monthly,208805,01/10/2020
West Midlands Region,E12000005,2020-11,7174,monthly,210348,01/11/2020
West Midlands Region,E12000005,2020-12,8128,monthly,213578,01/12/2020
West Midlands Region,E12000005,2021-01,6059,monthly,213786,01/01/2021
